len2 0.000000
dist 0.000000
norm 0.000000
len2 1.000000
dist 1.414214
norm 0.000000
len2 1.000000
dist 1.414214
norm 0.000000
len2 3.000000
dist 4.242640
norm 0.000000
len2 4.000000
dist 5.656854
norm 0.000000
len2 4.000000
dist 5.656854
norm 0.000000
len2 0.500000
dist 0.707107
norm 0.000000
len2 12.000000
dist 16.970562
norm 0.000000
len2 7.000000
dist 9.899495
norm 0.000000
len2 7.000000
dist 9.899495
norm 0.000000
len2 100.000000
dist 141.421356
norm 0.000000
len2 0.250000
dist 0.353553
norm 0.000000
len2 9.000000
dist 12.727922
norm 0.000000
len2 16.000000
dist 22.627417
norm 0.000000
len2 2.000000
dist 2.828427
norm 0.000000
len2 2.000000
dist 2.828427
norm 0.000000
len2 1.000000
dist 1.414214
norm 1.000000
len2 1.414214
dist 0.000000
norm 0.707107
len2 1.414214
dist 2.828427
norm 0.707107
len2 3.162278
dist 2.828427
norm 0.316228
len2 4.123106
dist 4.242640
norm 0.242536
len2 4.123106
dist 7.071068
norm 0.242536
len2 1.118034
dist 0.707107
norm 0.894427
len2 12.041595
dist 15.556349
norm 0.083045
len2 7.071068
dist 8.485281
norm 0.141421
len2 7.071068
dist 11.313708
norm 0.141421
len2 100.004997
dist 140.007141
norm 0.010000
len2 1.030776
dist 1.060660
norm 0.970143
len2 9.055386
dist 11.313708
norm 0.110432
len2 16.031219
dist 21.213203
norm 0.062378
len2 2.236068
dist 1.414214
norm 0.447214
len2 2.236068
dist 4.242640
norm 0.447214
len2 1.000000
dist 1.414214
norm -1.000000
len2 1.414214
dist 2.828427
norm -0.707107
len2 1.414214
dist 0.000000
norm -0.707107
len2 3.162278
dist 5.656854
norm -0.316228
len2 4.123106
dist 7.071068
norm -0.242536
len2 4.123106
dist 4.242640
norm -0.242536
len2 1.118034
dist 2.121320
norm -0.894427
len2 12.041595
dist 18.384777
norm -0.083045
len2 7.071068
dist 11.313708
norm -0.141421
len2 7.071068
dist 8.485281
norm -0.141421
len2 100.004997
dist 142.835571
norm -0.010000
len2 1.030776
dist 1.767767
norm -0.970143
len2 9.055386
dist 14.142136
norm -0.110432
len2 16.031219
dist 24.041630
norm -0.062378
len2 2.236068
dist 4.242640
norm -0.447214
len2 2.236068
dist 1.414214
norm -0.447214
len2 3.000000
dist 4.242640
norm 1.000000
len2 3.162278
dist 2.828427
norm 0.948683
len2 3.162278
dist 5.656854
norm 0.948683
len2 4.242640
dist 0.000000
norm 0.707107
len2 5.000000
dist 1.414214
norm 0.600000
len2 5.000000
dist 9.899495
norm 0.600000
len2 3.041381
dist 3.535534
norm 0.986394
len2 12.369317
dist 12.727922
norm 0.242536
len2 7.615773
dist 5.656854
norm 0.393919
len2 7.615773
dist 14.142136
norm 0.393919
len2 100.044991
dist 137.178711
norm 0.029987
len2 3.010399
dist 3.889087
norm 0.996546
len2 9.486833
dist 8.485281
norm 0.316228
len2 16.278820
dist 18.384777
norm 0.184289
len2 3.605551
dist 1.414214
norm 0.832050
len2 3.605551
dist 7.071068
norm 0.832050
len2 4.000000
dist 5.656854
norm 1.000000
len2 4.123106
dist 4.242640
norm 0.970143
len2 4.123106
dist 7.071068
norm 0.970143
len2 5.000000
dist 1.414214
norm 0.800000
len2 5.656854
dist 0.000000
norm 0.707107
len2 5.656854
dist 11.313708
norm 0.707107
len2 4.031129
dist 4.949748
norm 0.992278
len2 12.649111
dist 11.313708
norm 0.316228
len2 8.062258
dist 4.242640
norm 0.496139
len2 8.062258
dist 15.556349
norm 0.496139
len2 100.079971
dist 135.764496
norm 0.039968
len2 4.007805
dist 5.303301
norm 0.998053
len2 9.848858
dist 7.071068
norm 0.406138
len2 16.492422
dist 16.970562
norm 0.242536
len2 4.472136
dist 2.828427
norm 0.894427
len2 4.472136
dist 8.485281
norm 0.894427
len2 4.000000
dist 5.656854
norm -1.000000
len2 4.123106
dist 7.071068
norm -0.970143
len2 4.123106
dist 4.242640
norm -0.970143
len2 5.000000
dist 9.899495
norm -0.800000
len2 5.656854
dist 11.313708
norm -0.707107
len2 5.656854
dist 0.000000
norm -0.707107
len2 4.031129
dist 6.363961
norm -0.992278
len2 12.649111
dist 22.627417
norm -0.316228
len2 8.062258
dist 15.556349
norm -0.496139
len2 8.062258
dist 4.242640
norm -0.496139
len2 100.079971
dist 147.078217
norm -0.039968
len2 4.007805
dist 6.010407
norm -0.998053
len2 9.848858
dist 18.384777
norm -0.406138
len2 16.492422
dist 28.284271
norm -0.242536
len2 4.472136
dist 8.485281
norm -0.894427
len2 4.472136
dist 2.828427
norm -0.894427
len2 0.500000
dist 0.707107
norm 1.000000
len2 1.118034
dist 0.707107
norm 0.447214
len2 1.118034
dist 2.121320
norm 0.447214
len2 3.041381
dist 3.535534
norm 0.164399
len2 4.031129
dist 4.949748
norm 0.124035
len2 4.031129
dist 6.363961
norm 0.124035
len2 0.707107
dist 0.000000
norm 0.707107
len2 12.010412
dist 16.263456
norm 0.041631
len2 7.017834
dist 9.192389
norm 0.071247
len2 7.017834
dist 10.606602
norm 0.071247
len2 100.001251
dist 140.714249
norm 0.005000
len2 0.559017
dist 0.353553
norm 0.894427
len2 9.013878
dist 12.020815
norm 0.055470
len2 16.007811
dist 21.920311
norm 0.031235
len2 2.061553
dist 2.121320
norm 0.242536
len2 2.061553
dist 3.535534
norm 0.242536
len2 12.000000
dist 16.970562
norm 1.000000
len2 12.041595
dist 15.556349
norm 0.996546
len2 12.041595
dist 18.384777
norm 0.996546
len2 12.369317
dist 12.727922
norm 0.970142
len2 12.649111
dist 11.313708
norm 0.948683
len2 12.649111
dist 22.627417
norm 0.948683
len2 12.010412
dist 16.263456
norm 0.999133
len2 16.970562
dist 0.000000
norm 0.707107
len2 13.892444
dist 7.071068
norm 0.863779
len2 13.892444
dist 26.870058
norm 0.863779
len2 100.717430
dist 124.450790
norm 0.119145
len2 12.002604
dist 16.617010
norm 0.999783
len2 15.000000
dist 4.242640
norm 0.800000
len2 20.000000
dist 5.656854
norm 0.600000
len2 12.165525
dist 14.142136
norm 0.986394
len2 12.165525
dist 19.798990
norm 0.986394
len2 7.000000
dist 9.899495
norm 1.000000
len2 7.071068
dist 8.485281
norm 0.989949
len2 7.071068
dist 11.313708
norm 0.989949
len2 7.615773
dist 5.656854
norm 0.919145
len2 8.062258
dist 4.242640
norm 0.868243
len2 8.062258
dist 15.556349
norm 0.868243
len2 7.017834
dist 9.192389
norm 0.997459
len2 13.892444
dist 7.071068
norm 0.503871
len2 9.899495
dist 0.000000
norm 0.707107
len2 9.899495
dist 19.798990
norm 0.707107
len2 100.244698
dist 131.521866
norm 0.069829
len2 7.004463
dist 9.545941
norm 0.999363
len2 11.401754
dist 2.828427
norm 0.613941
len2 17.464249
dist 12.727922
norm 0.400819
len2 7.280110
dist 7.071068
norm 0.961524
len2 7.280110
dist 12.727922
norm 0.961524
len2 7.000000
dist 9.899495
norm -1.000000
len2 7.071068
dist 11.313708
norm -0.989949
len2 7.071068
dist 8.485281
norm -0.989949
len2 7.615773
dist 14.142136
norm -0.919145
len2 8.062258
dist 15.556349
norm -0.868243
len2 8.062258
dist 4.242640
norm -0.868243
len2 7.017834
dist 10.606602
norm -0.997459
len2 13.892444
dist 26.870058
norm -0.503871
len2 9.899495
dist 19.798990
norm -0.707107
len2 9.899495
dist 0.000000
norm -0.707107
len2 100.244698
dist 151.320847
norm -0.069829
len2 7.004463
dist 10.253048
norm -0.999363
len2 11.401754
dist 22.627417
norm -0.613941
len2 17.464249
dist 32.526913
norm -0.400819
len2 7.280110
dist 12.727922
norm -0.961524
len2 7.280110
dist 7.071068
norm -0.961524
len2 100.000000
dist 141.421356
norm 1.000000
len2 100.004997
dist 140.007141
norm 0.999950
len2 100.004997
dist 142.835571
norm 0.999950
len2 100.044991
dist 137.178711
norm 0.999550
len2 100.079971
dist 135.764496
norm 0.999201
len2 100.079971
dist 147.078217
norm 0.999201
len2 100.001251
dist 140.714249
norm 0.999987
len2 100.717430
dist 124.450790
norm 0.992877
len2 100.244698
dist 131.521866
norm 0.997559
len2 100.244698
dist 151.320847
norm 0.997559
len2 141.421356
dist 0.000000
norm 0.707107
len2 100.000313
dist 141.067810
norm 0.999997
len2 100.404182
dist 128.693436
norm 0.995974
len2 101.271912
dist 118.793938
norm 0.987441
len2 100.019997
dist 138.592926
norm 0.999800
len2 100.019997
dist 144.249786
norm 0.999800
len2 0.250000
dist 0.353553
norm 1.000000
len2 1.030776
dist 1.060660
norm 0.242536
len2 1.030776
dist 1.767767
norm 0.242536
len2 3.010399
dist 3.889087
norm 0.083045
len2 4.007805
dist 5.303301
norm 0.062378
len2 4.007805
dist 6.010407
norm 0.062378
len2 0.559017
dist 0.353553
norm 0.447214
len2 12.002604
dist 16.617010
norm 0.020829
len2 7.004463
dist 9.545941
norm 0.035692
len2 7.004463
dist 10.253048
norm 0.035692
len2 100.000313
dist 141.067810
norm 0.002500
len2 0.353553
dist 0.000000
norm 0.707107
len2 9.003471
dist 12.374369
norm 0.027767
len2 16.001953
dist 22.273863
norm 0.015623
len2 2.015564
dist 2.474874
norm 0.124035
len2 2.015564
dist 3.181981
norm 0.124035
len2 9.000000
dist 12.727922
norm 1.000000
len2 9.055386
dist 11.313708
norm 0.993884
len2 9.055386
dist 14.142136
norm 0.993884
len2 9.486833
dist 8.485281
norm 0.948683
len2 9.848858
dist 7.071068
norm 0.913812
len2 9.848858
dist 18.384777
norm 0.913812
len2 9.013878
dist 12.020815
norm 0.998460
len2 15.000000
dist 4.242640
norm 0.600000
len2 11.401754
dist 2.828427
norm 0.789352
len2 11.401754
dist 22.627417
norm 0.789352
len2 100.404182
dist 128.693436
norm 0.089638
len2 9.003471
dist 12.374369
norm 0.999614
len2 12.727922
dist 0.000000
norm 0.707107
len2 18.357559
dist 9.899495
norm 0.490261
len2 9.219544
dist 9.899495
norm 0.976187
len2 9.219544
dist 15.556349
norm 0.976187
len2 16.000000
dist 22.627417
norm 1.000000
len2 16.031219
dist 21.213203
norm 0.998053
len2 16.031219
dist 24.041630
norm 0.998053
len2 16.278820
dist 18.384777
norm 0.982872
len2 16.492422
dist 16.970562
norm 0.970143
len2 16.492422
dist 28.284271
norm 0.970143
len2 16.007811
dist 21.920311
norm 0.999512
len2 20.000000
dist 5.656854
norm 0.800000
len2 17.464249
dist 12.727922
norm 0.916157
len2 17.464249
dist 32.526913
norm 0.916157
len2 101.271912
dist 118.793938
norm 0.157991
len2 16.001953
dist 22.273863
norm 0.999878
len2 18.357559
dist 9.899495
norm 0.871576
len2 22.627417
dist 0.000000
norm 0.707107
len2 16.124516
dist 19.798990
norm 0.992278
len2 16.124516
dist 25.455845
norm 0.992278
len2 2.000000
dist 2.828427
norm 1.000000
len2 2.236068
dist 1.414214
norm 0.894427
len2 2.236068
dist 4.242640
norm 0.894427
len2 3.605551
dist 1.414214
norm 0.554700
len2 4.472136
dist 2.828427
norm 0.447214
len2 4.472136
dist 8.485281
norm 0.447214
len2 2.061553
dist 2.121320
norm 0.970143
len2 12.165525
dist 14.142136
norm 0.164399
len2 7.280110
dist 7.071068
norm 0.274721
len2 7.280110
dist 12.727922
norm 0.274721
len2 100.019997
dist 138.592926
norm 0.019996
len2 2.015564
dist 2.474874
norm 0.992278
len2 9.219544
dist 9.899495
norm 0.216930
len2 16.124516
dist 19.798990
norm 0.124035
len2 2.828427
dist 0.000000
norm 0.707107
len2 2.828427
dist 5.656854
norm 0.707107
len2 2.000000
dist 2.828427
norm -1.000000
len2 2.236068
dist 4.242640
norm -0.894427
len2 2.236068
dist 1.414214
norm -0.894427
len2 3.605551
dist 7.071068
norm -0.554700
len2 4.472136
dist 8.485281
norm -0.447214
len2 4.472136
dist 2.828427
norm -0.447214
len2 2.061553
dist 3.535534
norm -0.970143
len2 12.165525
dist 19.798990
norm -0.164399
len2 7.280110
dist 12.727922
norm -0.274721
len2 7.280110
dist 7.071068
norm -0.274721
len2 100.019997
dist 144.249786
norm -0.019996
len2 2.015564
dist 3.181981
norm -0.992278
len2 9.219544
dist 15.556349
norm -0.216930
len2 16.124516
dist 25.455845
norm -0.124035
len2 2.828427
dist 5.656854
norm -0.707107
len2 2.828427
dist 0.000000
norm -0.707107
len3 0.000000
len3 3.000000
len3 0.500000
len3 7.000000
len3 9.000000
len3 2.000000
len3 1.000000
len3 3.162278
len3 1.118034
len3 7.071068
len3 9.055386
len3 2.236068
len3 1.000000
len3 3.162278
len3 1.118034
len3 7.071068
len3 9.055386
len3 2.236068
len3 3.000000
len3 4.242640
len3 3.041381
len3 7.615773
len3 9.486833
len3 3.605551
len3 4.000000
len3 5.000000
len3 4.031129
len3 8.062258
len3 9.848858
len3 4.472136
len3 4.000000
len3 5.000000
len3 4.031129
len3 8.062258
len3 9.848858
len3 4.472136
len3 0.500000
len3 3.041381
len3 0.707107
len3 7.017834
len3 9.013878
len3 2.061553
len3 12.000000
len3 12.369317
len3 12.010412
len3 13.892444
len3 15.000000
len3 12.165525
len3 7.000000
len3 7.615773
len3 7.017834
len3 9.899495
len3 11.401754
len3 7.280110
len3 7.000000
len3 7.615773
len3 7.017834
len3 9.899495
len3 11.401754
len3 7.280110
len3 100.000000
len3 100.044991
len3 100.001251
len3 100.244698
len3 100.404182
len3 100.019997
len3 0.250000
len3 3.010399
len3 0.559017
len3 7.004463
len3 9.003471
len3 2.015564
len3 9.000000
len3 9.486833
len3 9.013878
len3 11.401754
len3 12.727922
len3 9.219544
len3 16.000000
len3 16.278820
len3 16.007811
len3 17.464249
len3 18.357559
len3 16.124516
len3 2.000000
len3 3.605551
len3 2.061553
len3 7.280110
len3 9.219544
len3 2.828427
len3 2.000000
len3 3.605551
len3 2.061553
len3 7.280110
len3 9.219544
len3 2.828427
len3 1.000000
len3 3.162278
len3 1.118034
len3 7.071068
len3 9.055386
len3 2.236068
len3 1.414214
len3 3.316625
len3 1.500000
len3 7.141428
len3 9.110434
len3 2.449490
len3 1.414214
len3 3.316625
len3 1.500000
len3 7.141428
len3 9.110434
len3 2.449490
len3 3.162278
len3 4.358899
len3 3.201562
len3 7.681146
len3 9.539392
len3 3.741657
len3 4.123106
len3 5.099020
len3 4.153312
len3 8.124039
len3 9.899495
len3 4.582576
len3 4.123106
len3 5.099020
len3 4.153312
len3 8.124039
len3 9.899495
len3 4.582576
len3 1.118034
len3 3.201562
len3 1.224745
len3 7.088724
len3 9.069179
len3 2.291288
len3 12.041595
len3 12.409674
len3 12.051970
len3 13.928389
len3 15.033297
len3 12.206555
len3 7.071068
len3 7.681146
len3 7.088724
len3 9.949874
len3 11.445523
len3 7.348469
len3 7.071068
len3 7.681146
len3 7.088724
len3 9.949874
len3 11.445523
len3 7.348469
len3 100.004997
len3 100.049988
len3 100.006248
len3 100.249687
len3 100.409164
len3 100.024994
len3 1.030776
len3 3.172144
len3 1.145644
len3 7.075486
len3 9.058835
len3 2.250000
len3 9.055386
len3 9.539392
len3 9.069179
len3 11.445523
len3 12.767145
len3 9.273619
len3 16.031219
len3 16.309507
len3 16.039015
len3 17.492855
len3 18.384777
len3 16.155495
len3 2.236068
len3 3.741657
len3 2.291288
len3 7.348469
len3 9.273619
len3 3.000000
len3 2.236068
len3 3.741657
len3 2.291288
len3 7.348469
len3 9.273619
len3 3.000000
len3 1.000000
len3 3.162278
len3 1.118034
len3 7.071068
len3 9.055386
len3 2.236068
len3 1.414214
len3 3.316625
len3 1.500000
len3 7.141428
len3 9.110434
len3 2.449490
len3 1.414214
len3 3.316625
len3 1.500000
len3 7.141428
len3 9.110434
len3 2.449490
len3 3.162278
len3 4.358899
len3 3.201562
len3 7.681146
len3 9.539392
len3 3.741657
len3 4.123106
len3 5.099020
len3 4.153312
len3 8.124039
len3 9.899495
len3 4.582576
len3 4.123106
len3 5.099020
len3 4.153312
len3 8.124039
len3 9.899495
len3 4.582576
len3 1.118034
len3 3.201562
len3 1.224745
len3 7.088724
len3 9.069179
len3 2.291288
len3 12.041595
len3 12.409674
len3 12.051970
len3 13.928389
len3 15.033297
len3 12.206555
len3 7.071068
len3 7.681146
len3 7.088724
len3 9.949874
len3 11.445523
len3 7.348469
len3 7.071068
len3 7.681146
len3 7.088724
len3 9.949874
len3 11.445523
len3 7.348469
len3 100.004997
len3 100.049988
len3 100.006248
len3 100.249687
len3 100.409164
len3 100.024994
len3 1.030776
len3 3.172144
len3 1.145644
len3 7.075486
len3 9.058835
len3 2.250000
len3 9.055386
len3 9.539392
len3 9.069179
len3 11.445523
len3 12.767145
len3 9.273619
len3 16.031219
len3 16.309507
len3 16.039015
len3 17.492855
len3 18.384777
len3 16.155495
len3 2.236068
len3 3.741657
len3 2.291288
len3 7.348469
len3 9.273619
len3 3.000000
len3 2.236068
len3 3.741657
len3 2.291288
len3 7.348469
len3 9.273619
len3 3.000000
len3 3.000000
len3 4.242640
len3 3.041381
len3 7.615773
len3 9.486833
len3 3.605551
len3 3.162278
len3 4.358899
len3 3.201562
len3 7.681146
len3 9.539392
len3 3.741657
len3 3.162278
len3 4.358899
len3 3.201562
len3 7.681146
len3 9.539392
len3 3.741657
len3 4.242640
len3 5.196152
len3 4.272002
len3 8.185352
len3 9.949874
len3 4.690416
len3 5.000000
len3 5.830952
len3 5.024938
len3 8.602325
len3 10.295630
len3 5.385165
len3 5.000000
len3 5.830952
len3 5.024938
len3 8.602325
len3 10.295630
len3 5.385165
len3 3.041381
len3 4.272002
len3 3.082207
len3 7.632169
len3 9.500000
len3 3.640055
len3 12.369317
len3 12.727922
len3 12.379418
len3 14.212670
len3 15.297058
len3 12.529964
len3 7.615773
len3 8.185352
len3 7.632169
len3 10.344080
len3 11.789826
len3 7.874008
len3 7.615773
len3 8.185352
len3 7.632169
len3 10.344080
len3 11.789826
len3 7.874008
len3 100.044991
len3 100.089958
len3 100.046242
len3 100.289581
len3 100.448990
len3 100.064980
len3 3.010399
len3 4.250000
len3 3.051639
len3 7.619875
len3 9.490127
len3 3.614208
len3 9.486833
len3 9.949874
len3 9.500000
len3 11.789826
len3 13.076696
len3 9.695360
len3 16.278820
len3 16.552946
len3 16.286497
len3 17.720045
len3 18.601076
len3 16.401220
len3 3.605551
len3 4.690416
len3 3.640055
len3 7.874008
len3 9.695360
len3 4.123106
len3 3.605551
len3 4.690416
len3 3.640055
len3 7.874008
len3 9.695360
len3 4.123106
len3 4.000000
len3 5.000000
len3 4.031129
len3 8.062258
len3 9.848858
len3 4.472136
len3 4.123106
len3 5.099020
len3 4.153312
len3 8.124039
len3 9.899495
len3 4.582576
len3 4.123106
len3 5.099020
len3 4.153312
len3 8.124039
len3 9.899495
len3 4.582576
len3 5.000000
len3 5.830952
len3 5.024938
len3 8.602325
len3 10.295630
len3 5.385165
len3 5.656854
len3 6.403124
len3 5.678908
len3 9.000000
len3 10.630146
len3 6.000000
len3 5.656854
len3 6.403124
len3 5.678908
len3 9.000000
len3 10.630146
len3 6.000000
len3 4.031129
len3 5.024938
len3 4.062019
len3 8.077747
len3 9.861542
len3 4.500000
len3 12.649111
len3 13.000000
len3 12.658989
len3 14.456832
len3 15.524175
len3 12.806249
len3 8.062258
len3 8.602325
len3 8.077747
len3 10.677078
len3 12.083046
len3 8.306623
len3 8.062258
len3 8.602325
len3 8.077747
len3 10.677078
len3 12.083046
len3 8.306623
len3 100.079971
len3 100.124924
len3 100.081215
len3 100.324471
len3 100.483833
len3 100.099953
len3 4.007805
len3 5.006246
len3 4.038874
len3 8.066133
len3 9.852030
len3 4.479118
len3 9.848858
len3 10.295630
len3 9.861542
len3 12.083046
len3 13.341664
len3 10.049875
len3 16.492422
len3 16.763054
len3 16.500000
len3 17.916473
len3 18.788294
len3 16.613247
len3 4.472136
len3 5.385165
len3 4.500000
len3 8.306623
len3 10.049875
len3 4.898980
len3 4.472136
len3 5.385165
len3 4.500000
len3 8.306623
len3 10.049875
len3 4.898980
len3 4.000000
len3 5.000000
len3 4.031129
len3 8.062258
len3 9.848858
len3 4.472136
len3 4.123106
len3 5.099020
len3 4.153312
len3 8.124039
len3 9.899495
len3 4.582576
len3 4.123106
len3 5.099020
len3 4.153312
len3 8.124039
len3 9.899495
len3 4.582576
len3 5.000000
len3 5.830952
len3 5.024938
len3 8.602325
len3 10.295630
len3 5.385165
len3 5.656854
len3 6.403124
len3 5.678908
len3 9.000000
len3 10.630146
len3 6.000000
len3 5.656854
len3 6.403124
len3 5.678908
len3 9.000000
len3 10.630146
len3 6.000000
len3 4.031129
len3 5.024938
len3 4.062019
len3 8.077747
len3 9.861542
len3 4.500000
len3 12.649111
len3 13.000000
len3 12.658989
len3 14.456832
len3 15.524175
len3 12.806249
len3 8.062258
len3 8.602325
len3 8.077747
len3 10.677078
len3 12.083046
len3 8.306623
len3 8.062258
len3 8.602325
len3 8.077747
len3 10.677078
len3 12.083046
len3 8.306623
len3 100.079971
len3 100.124924
len3 100.081215
len3 100.324471
len3 100.483833
len3 100.099953
len3 4.007805
len3 5.006246
len3 4.038874
len3 8.066133
len3 9.852030
len3 4.479118
len3 9.848858
len3 10.295630
len3 9.861542
len3 12.083046
len3 13.341664
len3 10.049875
len3 16.492422
len3 16.763054
len3 16.500000
len3 17.916473
len3 18.788294
len3 16.613247
len3 4.472136
len3 5.385165
len3 4.500000
len3 8.306623
len3 10.049875
len3 4.898980
len3 4.472136
len3 5.385165
len3 4.500000
len3 8.306623
len3 10.049875
len3 4.898980
len3 0.500000
len3 3.041381
len3 0.707107
len3 7.017834
len3 9.013878
len3 2.061553
len3 1.118034
len3 3.201562
len3 1.224745
len3 7.088724
len3 9.069179
len3 2.291288
len3 1.118034
len3 3.201562
len3 1.224745
len3 7.088724
len3 9.069179
len3 2.291288
len3 3.041381
len3 4.272002
len3 3.082207
len3 7.632169
len3 9.500000
len3 3.640055
len3 4.031129
len3 5.024938
len3 4.062019
len3 8.077747
len3 9.861542
len3 4.500000
len3 4.031129
len3 5.024938
len3 4.062019
len3 8.077747
len3 9.861542
len3 4.500000
len3 0.707107
len3 3.082207
len3 0.866025
len3 7.035624
len3 9.027735
len3 2.121320
len3 12.010412
len3 12.379418
len3 12.020815
len3 13.901439
len3 15.008331
len3 12.175796
len3 7.017834
len3 7.632169
len3 7.035624
len3 9.912114
len3 11.412712
len3 7.297260
len3 7.017834
len3 7.632169
len3 7.035624
len3 9.912114
len3 11.412712
len3 7.297260
len3 100.001251
len3 100.046242
len3 100.002502
len3 100.245949
len3 100.405426
len3 100.021248
len3 0.559017
len3 3.051639
len3 0.750000
len3 7.022286
len3 9.017344
len3 2.076656
len3 9.013878
len3 9.500000
len3 9.027735
len3 11.412712
len3 12.737740
len3 9.233092
len3 16.007811
len3 16.286497
len3 16.015617
len3 17.471405
len3 18.364368
len3 16.132265
len3 2.061553
len3 3.640055
len3 2.121320
len3 7.297260
len3 9.233092
len3 2.872281
len3 2.061553
len3 3.640055
len3 2.121320
len3 7.297260
len3 9.233092
len3 2.872281
len3 12.000000
len3 12.369317
len3 12.010412
len3 13.892444
len3 15.000000
len3 12.165525
len3 12.041595
len3 12.409674
len3 12.051970
len3 13.928389
len3 15.033297
len3 12.206555
len3 12.041595
len3 12.409674
len3 12.051970
len3 13.928389
len3 15.033297
len3 12.206555
len3 12.369317
len3 12.727922
len3 12.379418
len3 14.212670
len3 15.297058
len3 12.529964
len3 12.649111
len3 13.000000
len3 12.658989
len3 14.456832
len3 15.524175
len3 12.806249
len3 12.649111
len3 13.000000
len3 12.658989
len3 14.456832
len3 15.524175
len3 12.806249
len3 12.010412
len3 12.379418
len3 12.020815
len3 13.901439
len3 15.008331
len3 12.175796
len3 16.970562
len3 17.233688
len3 16.977926
len3 18.357559
len3 19.209373
len3 17.088007
len3 13.892444
len3 14.212670
len3 13.901439
len3 15.556349
len3 16.552946
len3 14.035668
len3 13.892444
len3 14.212670
len3 13.901439
len3 15.556349
len3 16.552946
len3 14.035668
len3 100.717430
len3 100.762093
len3 100.718666
len3 100.960388
len3 101.118744
len3 100.737282
len3 12.002604
len3 12.371843
len3 12.013014
len3 13.894693
len3 15.002083
len3 12.168094
len3 15.000000
len3 15.297058
len3 15.008331
len3 16.552946
len3 17.492855
len3 15.132746
len3 20.000000
len3 20.223749
len3 20.006248
len3 21.189621
len3 21.931713
len3 20.099751
len3 12.165525
len3 12.529964
len3 12.175796
len3 14.035668
len3 15.132746
len3 12.328828
len3 12.165525
len3 12.529964
len3 12.175796
len3 14.035668
len3 15.132746
len3 12.328828
len3 7.000000
len3 7.615773
len3 7.017834
len3 9.899495
len3 11.401754
len3 7.280110
len3 7.071068
len3 7.681146
len3 7.088724
len3 9.949874
len3 11.445523
len3 7.348469
len3 7.071068
len3 7.681146
len3 7.088724
len3 9.949874
len3 11.445523
len3 7.348469
len3 7.615773
len3 8.185352
len3 7.632169
len3 10.344080
len3 11.789826
len3 7.874008
len3 8.062258
len3 8.602325
len3 8.077747
len3 10.677078
len3 12.083046
len3 8.306623
len3 8.062258
len3 8.602325
len3 8.077747
len3 10.677078
len3 12.083046
len3 8.306623
len3 7.017834
len3 7.632169
len3 7.035624
len3 9.912114
len3 11.412712
len3 7.297260
len3 13.892444
len3 14.212670
len3 13.901439
len3 15.556349
len3 16.552946
len3 14.035668
len3 9.899495
len3 10.344080
len3 9.912114
len3 12.124355
len3 13.379088
len3 10.099504
len3 9.899495
len3 10.344080
len3 9.912114
len3 12.124355
len3 13.379088
len3 10.099504
len3 100.244698
len3 100.289581
len3 100.245949
len3 100.488808
len3 100.647903
len3 100.264648
len3 7.004463
len3 7.619875
len3 7.022286
len3 9.902651
len3 11.404494
len3 7.284401
len3 11.401754
len3 11.789826
len3 11.412712
len3 13.379088
len3 14.525839
len3 11.575837
len3 17.464249
len3 17.720045
len3 17.471405
len3 18.814888
len3 19.646883
len3 17.578396
len3 7.280110
len3 7.874008
len3 7.297260
len3 10.099504
len3 11.575837
len3 7.549834
len3 7.280110
len3 7.874008
len3 7.297260
len3 10.099504
len3 11.575837
len3 7.549834
len3 7.000000
len3 7.615773
len3 7.017834
len3 9.899495
len3 11.401754
len3 7.280110
len3 7.071068
len3 7.681146
len3 7.088724
len3 9.949874
len3 11.445523
len3 7.348469
len3 7.071068
len3 7.681146
len3 7.088724
len3 9.949874
len3 11.445523
len3 7.348469
len3 7.615773
len3 8.185352
len3 7.632169
len3 10.344080
len3 11.789826
len3 7.874008
len3 8.062258
len3 8.602325
len3 8.077747
len3 10.677078
len3 12.083046
len3 8.306623
len3 8.062258
len3 8.602325
len3 8.077747
len3 10.677078
len3 12.083046
len3 8.306623
len3 7.017834
len3 7.632169
len3 7.035624
len3 9.912114
len3 11.412712
len3 7.297260
len3 13.892444
len3 14.212670
len3 13.901439
len3 15.556349
len3 16.552946
len3 14.035668
len3 9.899495
len3 10.344080
len3 9.912114
len3 12.124355
len3 13.379088
len3 10.099504
len3 9.899495
len3 10.344080
len3 9.912114
len3 12.124355
len3 13.379088
len3 10.099504
len3 100.244698
len3 100.289581
len3 100.245949
len3 100.488808
len3 100.647903
len3 100.264648
len3 7.004463
len3 7.619875
len3 7.022286
len3 9.902651
len3 11.404494
len3 7.284401
len3 11.401754
len3 11.789826
len3 11.412712
len3 13.379088
len3 14.525839
len3 11.575837
len3 17.464249
len3 17.720045
len3 17.471405
len3 18.814888
len3 19.646883
len3 17.578396
len3 7.280110
len3 7.874008
len3 7.297260
len3 10.099504
len3 11.575837
len3 7.549834
len3 7.280110
len3 7.874008
len3 7.297260
len3 10.099504
len3 11.575837
len3 7.549834
len3 100.000000
len3 100.044991
len3 100.001251
len3 100.244698
len3 100.404182
len3 100.019997
len3 100.004997
len3 100.049988
len3 100.006248
len3 100.249687
len3 100.409164
len3 100.024994
len3 100.004997
len3 100.049988
len3 100.006248
len3 100.249687
len3 100.409164
len3 100.024994
len3 100.044991
len3 100.089958
len3 100.046242
len3 100.289581
len3 100.448990
len3 100.064980
len3 100.079971
len3 100.124924
len3 100.081215
len3 100.324471
len3 100.483833
len3 100.099953
len3 100.079971
len3 100.124924
len3 100.081215
len3 100.324471
len3 100.483833
len3 100.099953
len3 100.001251
len3 100.046242
len3 100.002502
len3 100.245949
len3 100.405426
len3 100.021248
len3 100.717430
len3 100.762093
len3 100.718666
len3 100.960388
len3 101.118744
len3 100.737282
len3 100.244698
len3 100.289581
len3 100.245949
len3 100.488808
len3 100.647903
len3 100.264648
len3 100.244698
len3 100.289581
len3 100.245949
len3 100.488808
len3 100.647903
len3 100.264648
len3 141.421356
len3 141.453171
len3 141.422241
len3 141.594498
len3 141.707443
len3 141.435501
len3 100.000313
len3 100.045303
len3 100.001564
len3 100.245010
len3 100.404495
len3 100.020309
len3 100.404182
len3 100.448990
len3 100.405426
len3 100.647903
len3 100.806747
len3 100.424103
len3 101.271912
len3 101.316338
len3 101.273148
len3 101.513542
len3 101.671036
len3 101.291656
len3 100.019997
len3 100.064980
len3 100.021248
len3 100.264648
len3 100.424103
len3 100.039993
len3 100.019997
len3 100.064980
len3 100.021248
len3 100.264648
len3 100.424103
len3 100.039993
len3 0.250000
len3 3.010399
len3 0.559017
len3 7.004463
len3 9.003471
len3 2.015564
len3 1.030776
len3 3.172144
len3 1.145644
len3 7.075486
len3 9.058835
len3 2.250000
len3 1.030776
len3 3.172144
len3 1.145644
len3 7.075486
len3 9.058835
len3 2.250000
len3 3.010399
len3 4.250000
len3 3.051639
len3 7.619875
len3 9.490127
len3 3.614208
len3 4.007805
len3 5.006246
len3 4.038874
len3 8.066133
len3 9.852030
len3 4.479118
len3 4.007805
len3 5.006246
len3 4.038874
len3 8.066133
len3 9.852030
len3 4.479118
len3 0.559017
len3 3.051639
len3 0.750000
len3 7.022286
len3 9.017344
len3 2.076656
len3 12.002604
len3 12.371843
len3 12.013014
len3 13.894693
len3 15.002083
len3 12.168094
len3 7.004463
len3 7.619875
len3 7.022286
len3 9.902651
len3 11.404494
len3 7.284401
len3 7.004463
len3 7.619875
len3 7.022286
len3 9.902651
len3 11.404494
len3 7.284401
len3 100.000313
len3 100.045303
len3 100.001564
len3 100.245010
len3 100.404495
len3 100.020309
len3 0.353553
len3 3.020761
len3 0.612372
len3 7.008923
len3 9.006942
len3 2.031010
len3 9.003471
len3 9.490127
len3 9.017344
len3 11.404494
len3 12.730377
len3 9.222934
len3 16.001953
len3 16.280741
len3 16.009762
len3 17.466038
len3 18.359262
len3 16.126453
len3 2.015564
len3 3.614208
len3 2.076656
len3 7.284401
len3 9.222934
len3 2.839454
len3 2.015564
len3 3.614208
len3 2.076656
len3 7.284401
len3 9.222934
len3 2.839454
len3 9.000000
len3 9.486833
len3 9.013878
len3 11.401754
len3 12.727922
len3 9.219544
len3 9.055386
len3 9.539392
len3 9.069179
len3 11.445523
len3 12.767145
len3 9.273619
len3 9.055386
len3 9.539392
len3 9.069179
len3 11.445523
len3 12.767145
len3 9.273619
len3 9.486833
len3 9.949874
len3 9.500000
len3 11.789826
len3 13.076696
len3 9.695360
len3 9.848858
len3 10.295630
len3 9.861542
len3 12.083046
len3 13.341664
len3 10.049875
len3 9.848858
len3 10.295630
len3 9.861542
len3 12.083046
len3 13.341664
len3 10.049875
len3 9.013878
len3 9.500000
len3 9.027735
len3 11.412712
len3 12.737740
len3 9.233092
len3 15.000000
len3 15.297058
len3 15.008331
len3 16.552946
len3 17.492855
len3 15.132746
len3 11.401754
len3 11.789826
len3 11.412712
len3 13.379088
len3 14.525839
len3 11.575837
len3 11.401754
len3 11.789826
len3 11.412712
len3 13.379088
len3 14.525839
len3 11.575837
len3 100.404182
len3 100.448990
len3 100.405426
len3 100.647903
len3 100.806747
len3 100.424103
len3 9.003471
len3 9.490127
len3 9.017344
len3 11.404494
len3 12.730377
len3 9.222934
len3 12.727922
len3 13.076696
len3 12.737740
len3 14.525839
len3 15.588457
len3 12.884099
len3 18.357559
len3 18.601076
len3 18.364368
len3 19.646883
len3 20.445047
len3 18.466185
len3 9.219544
len3 9.695360
len3 9.233092
len3 11.575837
len3 12.884099
len3 9.433981
len3 9.219544
len3 9.695360
len3 9.233092
len3 11.575837
len3 12.884099
len3 9.433981
len3 16.000000
len3 16.278820
len3 16.007811
len3 17.464249
len3 18.357559
len3 16.124516
len3 16.031219
len3 16.309507
len3 16.039015
len3 17.492855
len3 18.384777
len3 16.155495
len3 16.031219
len3 16.309507
len3 16.039015
len3 17.492855
len3 18.384777
len3 16.155495
len3 16.278820
len3 16.552946
len3 16.286497
len3 17.720045
len3 18.601076
len3 16.401220
len3 16.492422
len3 16.763054
len3 16.500000
len3 17.916473
len3 18.788294
len3 16.613247
len3 16.492422
len3 16.763054
len3 16.500000
len3 17.916473
len3 18.788294
len3 16.613247
len3 16.007811
len3 16.286497
len3 16.015617
len3 17.471405
len3 18.364368
len3 16.132265
len3 20.000000
len3 20.223749
len3 20.006248
len3 21.189621
len3 21.931713
len3 20.099751
len3 17.464249
len3 17.720045
len3 17.471405
len3 18.814888
len3 19.646883
len3 17.578396
len3 17.464249
len3 17.720045
len3 17.471405
len3 18.814888
len3 19.646883
len3 17.578396
len3 101.271912
len3 101.316338
len3 101.273148
len3 101.513542
len3 101.671036
len3 101.291656
len3 16.001953
len3 16.280741
len3 16.009762
len3 17.466038
len3 18.359262
len3 16.126453
len3 18.357559
len3 18.601076
len3 18.364368
len3 19.646883
len3 20.445047
len3 18.466185
len3 22.627417
len3 22.825424
len3 22.632940
len3 23.685438
len3 24.351591
len3 22.715633
len3 16.124516
len3 16.401220
len3 16.132265
len3 17.578396
len3 18.466185
len3 16.248077
len3 16.124516
len3 16.401220
len3 16.132265
len3 17.578396
len3 18.466185
len3 16.248077
len3 2.000000
len3 3.605551
len3 2.061553
len3 7.280110
len3 9.219544
len3 2.828427
len3 2.236068
len3 3.741657
len3 2.291288
len3 7.348469
len3 9.273619
len3 3.000000
len3 2.236068
len3 3.741657
len3 2.291288
len3 7.348469
len3 9.273619
len3 3.000000
len3 3.605551
len3 4.690416
len3 3.640055
len3 7.874008
len3 9.695360
len3 4.123106
len3 4.472136
len3 5.385165
len3 4.500000
len3 8.306623
len3 10.049875
len3 4.898980
len3 4.472136
len3 5.385165
len3 4.500000
len3 8.306623
len3 10.049875
len3 4.898980
len3 2.061553
len3 3.640055
len3 2.121320
len3 7.297260
len3 9.233092
len3 2.872281
len3 12.165525
len3 12.529964
len3 12.175796
len3 14.035668
len3 15.132746
len3 12.328828
len3 7.280110
len3 7.874008
len3 7.297260
len3 10.099504
len3 11.575837
len3 7.549834
len3 7.280110
len3 7.874008
len3 7.297260
len3 10.099504
len3 11.575837
len3 7.549834
len3 100.019997
len3 100.064980
len3 100.021248
len3 100.264648
len3 100.424103
len3 100.039993
len3 2.015564
len3 3.614208
len3 2.076656
len3 7.284401
len3 9.222934
len3 2.839454
len3 9.219544
len3 9.695360
len3 9.233092
len3 11.575837
len3 12.884099
len3 9.433981
len3 16.124516
len3 16.401220
len3 16.132265
len3 17.578396
len3 18.466185
len3 16.248077
len3 2.828427
len3 4.123106
len3 2.872281
len3 7.549834
len3 9.433981
len3 3.464102
len3 2.828427
len3 4.123106
len3 2.872281
len3 7.549834
len3 9.433981
len3 3.464102
len3 2.000000
len3 3.605551
len3 2.061553
len3 7.280110
len3 9.219544
len3 2.828427
len3 2.236068
len3 3.741657
len3 2.291288
len3 7.348469
len3 9.273619
len3 3.000000
len3 2.236068
len3 3.741657
len3 2.291288
len3 7.348469
len3 9.273619
len3 3.000000
len3 3.605551
len3 4.690416
len3 3.640055
len3 7.874008
len3 9.695360
len3 4.123106
len3 4.472136
len3 5.385165
len3 4.500000
len3 8.306623
len3 10.049875
len3 4.898980
len3 4.472136
len3 5.385165
len3 4.500000
len3 8.306623
len3 10.049875
len3 4.898980
len3 2.061553
len3 3.640055
len3 2.121320
len3 7.297260
len3 9.233092
len3 2.872281
len3 12.165525
len3 12.529964
len3 12.175796
len3 14.035668
len3 15.132746
len3 12.328828
len3 7.280110
len3 7.874008
len3 7.297260
len3 10.099504
len3 11.575837
len3 7.549834
len3 7.280110
len3 7.874008
len3 7.297260
len3 10.099504
len3 11.575837
len3 7.549834
len3 100.019997
len3 100.064980
len3 100.021248
len3 100.264648
len3 100.424103
len3 100.039993
len3 2.015564
len3 3.614208
len3 2.076656
len3 7.284401
len3 9.222934
len3 2.839454
len3 9.219544
len3 9.695360
len3 9.233092
len3 11.575837
len3 12.884099
len3 9.433981
len3 16.124516
len3 16.401220
len3 16.132265
len3 17.578396
len3 18.466185
len3 16.248077
len3 2.828427
len3 4.123106
len3 2.872281
len3 7.549834
len3 9.433981
len3 3.464102
len3 2.828427
len3 4.123106
len3 2.872281
len3 7.549834
len3 9.433981
len3 3.464102
sb 0 isn 0 expo -1023
fabs 0.000000000
hyp 0.000000000
cs 0.000000000
hyp 0.000000000
cs -0.000000000
hyp 1.000000000
cs 0.000000000
hyp 1.000000000
cs -0.000000000
hyp 2.500000000
cs 0.000000000
hyp 2.500000000
cs -0.000000000
hyp 100.000000000
cs 0.000000000
hyp 100.000000000
cs -0.000000000
hyp 0.125000000
cs 0.000000000
hyp 0.125000000
cs -0.000000000
hyp 3.141590000
cs 0.000000000
hyp 3.141590000
cs -0.000000000
hyp 1000000000.000000000
cs 0.000000000
hyp 1000000000.000000000
cs -0.000000000
hyp 0.000000001
cs 0.000000000
hyp 0.000000001
cs -0.000000000
sb 1 isn 1 expo -1023
fabs 0.000000000
hyp 0.000000000
cs 0.000000000
hyp 0.000000000
cs -0.000000000
hyp 1.000000000
cs 0.000000000
hyp 1.000000000
cs -0.000000000
hyp 2.500000000
cs 0.000000000
hyp 2.500000000
cs -0.000000000
hyp 100.000000000
cs 0.000000000
hyp 100.000000000
cs -0.000000000
hyp 0.125000000
cs 0.000000000
hyp 0.125000000
cs -0.000000000
hyp 3.141590000
cs 0.000000000
hyp 3.141590000
cs -0.000000000
hyp 1000000000.000000000
cs 0.000000000
hyp 1000000000.000000000
cs -0.000000000
hyp 0.000000001
cs 0.000000000
hyp 0.000000001
cs -0.000000000
sb 0 isn 0 expo 0
fabs 0.000000000
hyp 1.000000000
cs 1.000000000
hyp 1.000000000
cs -1.000000000
hyp 1.414213562
cs 1.000000000
hyp 1.414213562
cs -1.000000000
hyp 2.692582404
cs 1.000000000
hyp 2.692582404
cs -1.000000000
hyp 100.004999875
cs 1.000000000
hyp 100.004999875
cs -1.000000000
hyp 1.007782219
cs 1.000000000
hyp 1.007782219
cs -1.000000000
hyp 3.296905781
cs 1.000000000
hyp 3.296905781
cs -1.000000000
hyp 1000000000.000000000
cs 1.000000000
hyp 1000000000.000000000
cs -1.000000000
hyp 1.000000000
cs 1.000000000
hyp 1.000000000
cs -1.000000000
sb 1 isn 1 expo 0
fabs 0.000000000
hyp 1.000000000
cs 1.000000000
hyp 1.000000000
cs -1.000000000
hyp 1.414213562
cs 1.000000000
hyp 1.414213562
cs -1.000000000
hyp 2.692582404
cs 1.000000000
hyp 2.692582404
cs -1.000000000
hyp 100.004999875
cs 1.000000000
hyp 100.004999875
cs -1.000000000
hyp 1.007782219
cs 1.000000000
hyp 1.007782219
cs -1.000000000
hyp 3.296905781
cs 1.000000000
hyp 3.296905781
cs -1.000000000
hyp 1000000000.000000000
cs 1.000000000
hyp 1000000000.000000000
cs -1.000000000
hyp 1.000000000
cs 1.000000000
hyp 1.000000000
cs -1.000000000
sb 0 isn 0 expo 1
fabs 0.000000000
hyp 2.500000000
cs 2.500000000
hyp 2.500000000
cs -2.500000000
hyp 2.692582404
cs 2.500000000
hyp 2.692582404
cs -2.500000000
hyp 3.535533906
cs 2.500000000
hyp 3.535533906
cs -2.500000000
hyp 100.031245119
cs 2.500000000
hyp 100.031245119
cs -2.500000000
hyp 2.503123049
cs 2.500000000
hyp 2.503123049
cs -2.500000000
hyp 4.014920638
cs 2.500000000
hyp 4.014920638
cs -2.500000000
hyp 1000000000.000000000
cs 2.500000000
hyp 1000000000.000000000
cs -2.500000000
hyp 2.500000000
cs 2.500000000
hyp 2.500000000
cs -2.500000000
sb 1 isn 1 expo 1
fabs 0.000000000
hyp 2.500000000
cs 2.500000000
hyp 2.500000000
cs -2.500000000
hyp 2.692582404
cs 2.500000000
hyp 2.692582404
cs -2.500000000
hyp 3.535533906
cs 2.500000000
hyp 3.535533906
cs -2.500000000
hyp 100.031245119
cs 2.500000000
hyp 100.031245119
cs -2.500000000
hyp 2.503123049
cs 2.500000000
hyp 2.503123049
cs -2.500000000
hyp 4.014920638
cs 2.500000000
hyp 4.014920638
cs -2.500000000
hyp 1000000000.000000000
cs 2.500000000
hyp 1000000000.000000000
cs -2.500000000
hyp 2.500000000
cs 2.500000000
hyp 2.500000000
cs -2.500000000
sb 0 isn 0 expo 6
fabs 0.000000000
hyp 100.000000000
cs 100.000000000
hyp 100.000000000
cs -100.000000000
hyp 100.004999875
cs 100.000000000
hyp 100.004999875
cs -100.000000000
hyp 100.031245119
cs 100.000000000
hyp 100.031245119
cs -100.000000000
hyp 141.421356237
cs 100.000000000
hyp 141.421356237
cs -100.000000000
hyp 100.000078125
cs 100.000000000
hyp 100.000078125
cs -100.000000000
hyp 100.049335769
cs 100.000000000
hyp 100.049335769
cs -100.000000000
hyp 1000000000.000005007
cs 100.000000000
hyp 1000000000.000005007
cs -100.000000000
hyp 100.000000000
cs 100.000000000
hyp 100.000000000
cs -100.000000000
sb 1 isn 1 expo 6
fabs 0.000000000
hyp 100.000000000
cs 100.000000000
hyp 100.000000000
cs -100.000000000
hyp 100.004999875
cs 100.000000000
hyp 100.004999875
cs -100.000000000
hyp 100.031245119
cs 100.000000000
hyp 100.031245119
cs -100.000000000
hyp 141.421356237
cs 100.000000000
hyp 141.421356237
cs -100.000000000
hyp 100.000078125
cs 100.000000000
hyp 100.000078125
cs -100.000000000
hyp 100.049335769
cs 100.000000000
hyp 100.049335769
cs -100.000000000
hyp 1000000000.000005007
cs 100.000000000
hyp 1000000000.000005007
cs -100.000000000
hyp 100.000000000
cs 100.000000000
hyp 100.000000000
cs -100.000000000
sb 0 isn 0 expo -3
fabs 0.000000000
hyp 0.125000000
cs 0.125000000
hyp 0.125000000
cs -0.125000000
hyp 1.007782219
cs 0.125000000
hyp 1.007782219
cs -0.125000000
hyp 2.503123049
cs 0.125000000
hyp 2.503123049
cs -0.125000000
hyp 100.000078125
cs 0.125000000
hyp 100.000078125
cs -0.125000000
hyp 0.176776695
cs 0.125000000
hyp 0.176776695
cs -0.125000000
hyp 3.144075815
cs 0.125000000
hyp 3.144075815
cs -0.125000000
hyp 1000000000.000000000
cs 0.125000000
hyp 1000000000.000000000
cs -0.125000000
hyp 0.125000000
cs 0.125000000
hyp 0.125000000
cs -0.125000000
sb 1 isn 1 expo -3
fabs 0.000000000
hyp 0.125000000
cs 0.125000000
hyp 0.125000000
cs -0.125000000
hyp 1.007782219
cs 0.125000000
hyp 1.007782219
cs -0.125000000
hyp 2.503123049
cs 0.125000000
hyp 2.503123049
cs -0.125000000
hyp 100.000078125
cs 0.125000000
hyp 100.000078125
cs -0.125000000
hyp 0.176776695
cs 0.125000000
hyp 0.176776695
cs -0.125000000
hyp 3.144075815
cs 0.125000000
hyp 3.144075815
cs -0.125000000
hyp 1000000000.000000000
cs 0.125000000
hyp 1000000000.000000000
cs -0.125000000
hyp 0.125000000
cs 0.125000000
hyp 0.125000000
cs -0.125000000
sb 0 isn 0 expo 1
fabs 0.000000000
hyp 3.141590000
cs 3.141590000
hyp 3.141590000
cs -3.141590000
hyp 3.296905781
cs 3.141590000
hyp 3.296905781
cs -3.141590000
hyp 4.014920638
cs 3.141590000
hyp 4.014920638
cs -3.141590000
hyp 100.049335769
cs 3.141590000
hyp 100.049335769
cs -3.141590000
hyp 3.144075815
cs 3.141590000
hyp 3.144075815
cs -3.141590000
hyp 4.442879185
cs 3.141590000
hyp 4.442879185
cs -3.141590000
hyp 1000000000.000000000
cs 3.141590000
hyp 1000000000.000000000
cs -3.141590000
hyp 3.141590000
cs 3.141590000
hyp 3.141590000
cs -3.141590000
sb 1 isn 1 expo 1
fabs 0.000000000
hyp 3.141590000
cs 3.141590000
hyp 3.141590000
cs -3.141590000
hyp 3.296905781
cs 3.141590000
hyp 3.296905781
cs -3.141590000
hyp 4.014920638
cs 3.141590000
hyp 4.014920638
cs -3.141590000
hyp 100.049335769
cs 3.141590000
hyp 100.049335769
cs -3.141590000
hyp 3.144075815
cs 3.141590000
hyp 3.144075815
cs -3.141590000
hyp 4.442879185
cs 3.141590000
hyp 4.442879185
cs -3.141590000
hyp 1000000000.000000000
cs 3.141590000
hyp 1000000000.000000000
cs -3.141590000
hyp 3.141590000
cs 3.141590000
hyp 3.141590000
cs -3.141590000
sb 0 isn 0 expo 29
fabs 0.000000000
hyp 1000000000.000000000
cs 1000000000.000000000
hyp 1000000000.000000000
cs -1000000000.000000000
hyp 1000000000.000000000
cs 1000000000.000000000
hyp 1000000000.000000000
cs -1000000000.000000000
hyp 1000000000.000000000
cs 1000000000.000000000
hyp 1000000000.000000000
cs -1000000000.000000000
hyp 1000000000.000005007
cs 1000000000.000000000
hyp 1000000000.000005007
cs -1000000000.000000000
hyp 1000000000.000000000
cs 1000000000.000000000
hyp 1000000000.000000000
cs -1000000000.000000000
hyp 1000000000.000000000
cs 1000000000.000000000
hyp 1000000000.000000000
cs -1000000000.000000000
hyp 1414213562.373095036
cs 1000000000.000000000
hyp 1414213562.373095036
cs -1000000000.000000000
hyp 1000000000.000000000
cs 1000000000.000000000
hyp 1000000000.000000000
cs -1000000000.000000000
sb 1 isn 1 expo 29
fabs 0.000000000
hyp 1000000000.000000000
cs 1000000000.000000000
hyp 1000000000.000000000
cs -1000000000.000000000
hyp 1000000000.000000000
cs 1000000000.000000000
hyp 1000000000.000000000
cs -1000000000.000000000
hyp 1000000000.000000000
cs 1000000000.000000000
hyp 1000000000.000000000
cs -1000000000.000000000
hyp 1000000000.000005007
cs 1000000000.000000000
hyp 1000000000.000005007
cs -1000000000.000000000
hyp 1000000000.000000000
cs 1000000000.000000000
hyp 1000000000.000000000
cs -1000000000.000000000
hyp 1000000000.000000000
cs 1000000000.000000000
hyp 1000000000.000000000
cs -1000000000.000000000
hyp 1414213562.373095036
cs 1000000000.000000000
hyp 1414213562.373095036
cs -1000000000.000000000
hyp 1000000000.000000000
cs 1000000000.000000000
hyp 1000000000.000000000
cs -1000000000.000000000
sb 0 isn 0 expo -30
fabs 0.000000000
hyp 0.000000001
cs 0.000000001
hyp 0.000000001
cs -0.000000001
hyp 1.000000000
cs 0.000000001
hyp 1.000000000
cs -0.000000001
hyp 2.500000000
cs 0.000000001
hyp 2.500000000
cs -0.000000001
hyp 100.000000000
cs 0.000000001
hyp 100.000000000
cs -0.000000001
hyp 0.125000000
cs 0.000000001
hyp 0.125000000
cs -0.000000001
hyp 3.141590000
cs 0.000000001
hyp 3.141590000
cs -0.000000001
hyp 1000000000.000000000
cs 0.000000001
hyp 1000000000.000000000
cs -0.000000001
hyp 0.000000001
cs 0.000000001
hyp 0.000000001
cs -0.000000001
sb 1 isn 1 expo -30
fabs 0.000000000
hyp 0.000000001
cs 0.000000001
hyp 0.000000001
cs -0.000000001
hyp 1.000000000
cs 0.000000001
hyp 1.000000000
cs -0.000000001
hyp 2.500000000
cs 0.000000001
hyp 2.500000000
cs -0.000000001
hyp 100.000000000
cs 0.000000001
hyp 100.000000000
cs -0.000000001
hyp 0.125000000
cs 0.000000001
hyp 0.125000000
cs -0.000000001
hyp 3.141590000
cs 0.000000001
hyp 3.141590000
cs -0.000000001
hyp 1000000000.000000000
cs 0.000000001
hyp 1000000000.000000000
cs -0.000000001
hyp 0.000000001
cs 0.000000001
hyp 0.000000001
cs -0.000000001
